// Jest Snapshot v1, https://goo.gl/fbAQLP

exports[`StyledHeader renders correctly 1`] = `
<h1
  className="sc-bdVaJa jQyXXM"
/>
`;
