// Jest Snapshot v1, https://goo.gl/fbAQLP

exports[`render renders correctly 1`] = `
<StyledPosterContainer>
  <StyledPosterContent>
    <StyledPoster
      posterPath="abc"
    />
  </StyledPosterContent>
</StyledPosterContainer>
`;
