// Jest Snapshot v1, https://goo.gl/fbAQLP

exports[`StyledContainer renders correctly 1`] = `
<div
  className="sc-bdVaJa fVoaLa"
/>
`;
