// Jest Snapshot v1, https://goo.gl/fbAQLP

exports[`StyledMainComponent renders correctly 1`] = `
<div
  className="sc-bdVaJa fQrkdA"
/>
`;
